[VR REMOTE LOG 2026-08-08T12:18:08.717Z] [LOG] [World] loading dataset:  HIERARCHY
[VR REMOTE LOG 2026-08-08T12:18:09.096Z] [WARN] [PerformanceBudget] critical: Frame 234.8 ms exceeds 16.7 ms budget
[VR REMOTE LOG 2026-08-08T12:18:09.176Z] [LOG] [World] loading dataset: Sales Performance Table TABULAR
[VR REMOTE LOG 2026-08-08T12:18:09.421Z] [WARN] [World] WASM runtime unavailable, using JS fallbacks: TypeError: Failed to fetch dynamically imported module: https://192.168.1.128:5173/wasm/pkg/nemosyne_wasm.js?import
TypeError: Failed to fetch dynamically imported module: https://192.168.1.128:5173/wasm/pkg/nemosyne_wasm.js?import
[VR REMOTE LOG 2026-08-08T12:18:27.613Z] [LOG] [HandPointer 0] connected {"handedness":"left","jointsValid":false,"jointCount":0}
[VR REMOTE LOG 2026-08-08T12:18:27.614Z] [LOG] [HandPointer 1] connected {"handedness":"right","jointsValid":false,"jointCount":0}
[VR REMOTE LOG 2026-08-08T12:19:40.447Z] [LOG] [HandPointer 0] disconnected
[VR REMOTE LOG 2026-08-08T12:19:40.448Z] [LOG] [HandPointer 1] disconnected
[VR REMOTE LOG 2026-08-08T12:19:40.623Z] [LOG] [HandPointer 0] joint 'index-finger-tip' is not XRJointSpace {"metadata":{"version":4.6,"type":"Object","generator":"Object3D.toJSON"},"object":{"uuid":"5825ad49-abca-4e50-93d5-fc31a1feebaf","type":"Group","visible":false,"layers":1,"matrix":[1,0,0,0,0,1,0,0,0,0,1,0,0,0,0,1],"up":[0,1,0],"matrixAutoUpdate":false}}
[VR REMOTE LOG 2026-08-08T12:19:40.624Z] [LOG] [HandPointer 0] connected {"handedness":"left","jointsValid":false,"jointCount":25}
[VR REMOTE LOG 2026-08-08T12:19:40.625Z] [LOG] [HandPointer 0] joint 'index-finger-tip' is not XRJointSpace {"metadata":{"version":4.6,"type":"Object","generator":"Object3D.toJSON"},"object":{"uuid":"5825ad49-abca-4e50-93d5-fc31a1feebaf","type":"Group","visible":false,"layers":1,"matrix":[1,0,0,0,0,1,0,0,0,0,1,0,0,0,0,1],"up":[0,1,0],"matrixAutoUpdate":false}}
[VR REMOTE LOG 2026-08-08T12:19:40.626Z] [LOG] [HandPointer 0] fallback joint names valid=false
[VR REMOTE LOG 2026-08-08T12:19:40.627Z] [LOG] [HandPointer 1] joint 'index-finger-tip' is not XRJointSpace {"metadata":{"version":4.6,"type":"Object","generator":"Object3D.toJSON"},"object":{"uuid":"675c7e85-ddb6-4a81-b55f-ab21abf5b289","type":"Group","visible":false,"layers":1,"matrix":[1,0,0,0,0,1,0,0,0,0,1,0,0,0,0,1],"up":[0,1,0],"matrixAutoUpdate":false}}
[VR REMOTE LOG 2026-08-08T12:19:40.628Z] [LOG] [HandPointer 1] connected {"handedness":"right","jointsValid":false,"jointCount":25}
[VR REMOTE LOG 2026-08-08T12:19:40.629Z] [LOG] [HandPointer 1] joint 'index-finger-tip' is not XRJointSpace {"metadata":{"version":4.6,"type":"Object","generator":"Object3D.toJSON"},"object":{"uuid":"675c7e85-ddb6-4a81-b55f-ab21abf5b289","type":"Group","visible":false,"layers":1,"matrix":[1,0,0,0,0,1,0,0,0,0,1,0,0,0,0,1],"up":[0,1,0],"matrixAutoUpdate":false}}
[VR REMOTE LOG 2026-08-08T12:19:40.629Z] [LOG] [HandPointer 1] fallback joint names valid=false
[VR REMOTE LOG 2026-08-08T12:19:40.632Z] [LOG] [HandPointer 0] fallback from inputSource valid=true count=25 handedness=left
[VR REMOTE LOG 2026-08-08T12:19:40.633Z] [LOG] [HandPointer 1] fallback from inputSource valid=true count=25 handedness=right
[VR REMOTE LOG 2026-08-08T12:19:40.680Z] [WARN] [PerformanceBudget] critical: Frame 47.7 ms exceeds 16.7 ms budget
[VR REMOTE LOG 2026-08-08T12:19:40.696Z] [LOG] [HandPointer 0] disconnected
[VR REMOTE LOG 2026-08-08T12:19:40.696Z] [LOG] [HandPointer 1] disconnected
[VR REMOTE LOG 2026-08-08T12:19:40.697Z] [LOG] [HandPointer 0] joint 'index-finger-tip' is not XRJointSpace {"metadata":{"version":4.6,"type":"Object","generator":"Object3D.toJSON"},"object":{"uuid":"5825ad49-abca-4e50-93d5-fc31a1feebaf","type":"Group","layers":1,"matrix":[0.2652736306190491,0.8015422821044922,-0.5358734130859375,0,-0.6145927906036377,-0.287665992975235,-0.7345235347747803,0,-0.7429038286209106,0.5241937637329102,0.41631144285202026,0,-0.044632017612457275,1.0568890571594238,0.08441975712776184,1],"up":[0,1,0],"matrixAutoUpdate":false}}
[VR REMOTE LOG 2026-08-08T12:19:40.698Z] [LOG] [HandPointer 0] connected {"handedness":"left","jointsValid":false,"jointCount":25}
[VR REMOTE LOG 2026-08-08T12:19:40.699Z] [LOG] [HandPointer 0] joint 'index-finger-tip' is not XRJointSpace {"metadata":{"version":4.6,"type":"Object","generator":"Object3D.toJSON"},"object":{"uuid":"5825ad49-abca-4e50-93d5-fc31a1feebaf","type":"Group","layers":1,"matrix":[0.2652736306190491,0.8015422821044922,-0.5358734130859375,0,-0.6145927906036377,-0.287665992975235,-0.7345235347747803,0,-0.7429038286209106,0.5241937637329102,0.41631144285202026,0,-0.044632017612457275,1.0568890571594238,0.08441975712776184,1],"up":[0,1,0],"matrixAutoUpdate":false}}
[VR REMOTE LOG 2026-08-08T12:19:40.700Z] [LOG] [HandPointer 0] fallback joint names valid=false
[VR REMOTE LOG 2026-08-08T12:19:40.700Z] [LOG] [HandPointer 1] joint 'index-finger-tip' is not XRJointSpace {"metadata":{"version":4.6,"type":"Object","generator":"Object3D.toJSON"},"object":{"uuid":"675c7e85-ddb6-4a81-b55f-ab21abf5b289","type":"Group","layers":1,"matrix":[0.278114914894104,-0.8948066830635071,0.3492469787597656,0,0.43445128202438354,-0.20709504187107086,-0.8765639066696167,0,0.8566822409629822,0.39551642537117004,0.33115339279174805,0,0.11611573398113251,1.0277574062347412,0.0796225368976593,1],"up":[0,1,0],"matrixAutoUpdate":false}}
[VR REMOTE LOG 2026-08-08T12:19:40.701Z] [LOG] [HandPointer 1] connected {"handedness":"right","jointsValid":false,"jointCount":25}
[VR REMOTE LOG 2026-08-08T12:19:40.701Z] [LOG] [HandPointer 1] joint 'index-finger-tip' is not XRJointSpace {"metadata":{"version":4.6,"type":"Object","generator":"Object3D.toJSON"},"object":{"uuid":"675c7e85-ddb6-4a81-b55f-ab21abf5b289","type":"Group","layers":1,"matrix":[0.278114914894104,-0.8948066830635071,0.3492469787597656,0,0.43445128202438354,-0.20709504187107086,-0.8765639066696167,0,0.8566822409629822,0.39551642537117004,0.33115339279174805,0,0.11611573398113251,1.0277574062347412,0.0796225368976593,1],"up":[0,1,0],"matrixAutoUpdate":false}}
[VR REMOTE LOG 2026-08-08T12:19:40.703Z] [LOG] [HandPointer 1] fallback joint names valid=false
[VR REMOTE LOG 2026-08-08T12:19:40.706Z] [LOG] [HandPointer 0] fallback from inputSource valid=true count=25 handedness=left
[VR REMOTE LOG 2026-08-08T12:19:40.707Z] [LOG] [HandPointer 1] fallback from inputSource valid=true count=25 handedness=right
[VR REMOTE LOG 2026-08-08T12:19:48.873Z] [LOG] [HandPointer 0] disconnected
[VR REMOTE LOG 2026-08-08T12:19:48.924Z] [LOG] [HandPointer 0] joint 'index-finger-tip' is not XRJointSpace {"metadata":{"version":4.6,"type":"Object","generator":"Object3D.toJSON"},"object":{"uuid":"5825ad49-abca-4e50-93d5-fc31a1feebaf","type":"Group","layers":1,"matrix":[0.6471858620643616,0.6947973370552063,0.3136988580226898,0,0.738021969795227,-0.46795186400413513,-0.48615220189094543,0,-0.19098126888275146,0.5461475253105164,-0.8156275153160095,0,-0.012172475457191467,1.1594476699829102,0.4877510964870453,1],"up":[0,1,0],"matrixAutoUpdate":false}}
[VR REMOTE LOG 2026-08-08T12:19:48.925Z] [LOG] [HandPointer 0] connected {"handedness":"left","jointsValid":false,"jointCount":25}
[VR REMOTE LOG 2026-08-08T12:19:48.926Z] [LOG] [HandPointer 0] joint 'index-finger-tip' is not XRJointSpace {"metadata":{"version":4.6,"type":"Object","generator":"Object3D.toJSON"},"object":{"uuid":"5825ad49-abca-4e50-93d5-fc31a1feebaf","type":"Group","layers":1,"matrix":[0.6471858620643616,0.6947973370552063,0.3136988580226898,0,0.738021969795227,-0.46795186400413513,-0.48615220189094543,0,-0.19098126888275146,0.5461475253105164,-0.8156275153160095,0,-0.012172475457191467,1.1594476699829102,0.4877510964870453,1],"up":[0,1,0],"matrixAutoUpdate":false}}
[VR REMOTE LOG 2026-08-08T12:19:48.926Z] [LOG] [HandPointer 0] fallback joint names valid=false
[VR REMOTE LOG 2026-08-08T12:19:48.928Z] [LOG] [HandPointer 0] fallback from inputSource valid=true count=25 handedness=left
[VR REMOTE LOG 2026-08-08T12:19:48.995Z] [LOG] [HandPointer 0] disconnected
[VR REMOTE LOG 2026-08-08T12:19:49.048Z] [LOG] [HandPointer 0] joint 'index-finger-tip' is not XRJointSpace {"metadata":{"version":4.6,"type":"Object","generator":"Object3D.toJSON"},"object":{"uuid":"5825ad49-abca-4e50-93d5-fc31a1feebaf","type":"Group","layers":1,"matrix":[0.29839858412742615,0.6213821172714233,-0.724460244178772,0,0.6061827540397644,-0.7096795439720154,-0.35902318358421326,0,-0.7372251152992249,-0.3320232331752777,-0.5884385108947754,0,-0.18018192052841187,1.1572856903076172,0.571171760559082,1],"up":[0,1,0],"matrixAutoUpdate":false}}
[VR REMOTE LOG 2026-08-08T12:19:49.049Z] [LOG] [HandPointer 0] connected {"handedness":"left","jointsValid":false,"jointCount":25}
[VR REMOTE LOG 2026-08-08T12:19:49.050Z] [LOG] [HandPointer 0] joint 'index-finger-tip' is not XRJointSpace {"metadata":{"version":4.6,"type":"Object","generator":"Object3D.toJSON"},"object":{"uuid":"5825ad49-abca-4e50-93d5-fc31a1feebaf","type":"Group","layers":1,"matrix":[0.29839858412742615,0.6213821172714233,-0.724460244178772,0,0.6061827540397644,-0.7096795439720154,-0.35902318358421326,0,-0.7372251152992249,-0.3320232331752777,-0.5884385108947754,0,-0.18018192052841187,1.1572856903076172,0.571171760559082,1],"up":[0,1,0],"matrixAutoUpdate":false}}
[VR REMOTE LOG 2026-08-08T12:19:49.051Z] [LOG] [HandPointer 0] fallback joint names valid=false
[VR REMOTE LOG 2026-08-08T12:19:49.053Z] [LOG] [HandPointer 0] fallback from inputSource valid=true count=25 handedness=left
[VR REMOTE LOG 2026-08-08T12:19:49.162Z] [LOG] [HandPointer 0] disconnected
[VR REMOTE LOG 2026-08-08T12:19:49.196Z] [LOG] [HandPointer 0] joint 'index-finger-tip' is not XRJointSpace {"metadata":{"version":4.6,"type":"Object","generator":"Object3D.toJSON"},"object":{"uuid":"5825ad49-abca-4e50-93d5-fc31a1feebaf","type":"Group","layers":1,"matrix":[0.006201993208378553,0.13829411566257477,-0.9903720021247864,0,0.9596025347709656,-0.27941733598709106,-0.03300788626074791,0,-0.2812916338443756,-0.9501585364341736,-0.1344405859708786,0,-0.3082250952720642,1.189279317855835,0.6456144452095032,1],"up":[0,1,0],"matrixAutoUpdate":false}}
[VR REMOTE LOG 2026-08-08T12:19:49.197Z] [LOG] [HandPointer 0] connected {"handedness":"left","jointsValid":false,"jointCount":25}
[VR REMOTE LOG 2026-08-08T12:19:49.198Z] [LOG] [HandPointer 0] joint 'index-finger-tip' is not XRJointSpace {"metadata":{"version":4.6,"type":"Object","generator":"Object3D.toJSON"},"object":{"uuid":"5825ad49-abca-4e50-93d5-fc31a1feebaf","type":"Group","layers":1,"matrix":[0.006201993208378553,0.13829411566257477,-0.9903720021247864,0,0.9596025347709656,-0.27941733598709106,-0.03300788626074791,0,-0.2812916338443756,-0.9501585364341736,-0.1344405859708786,0,-0.3082250952720642,1.189279317855835,0.6456144452095032,1],"up":[0,1,0],"matrixAutoUpdate":false}}
[VR REMOTE LOG 2026-08-08T12:19:49.198Z] [LOG] [HandPointer 0] fallback joint names valid=false
[VR REMOTE LOG 2026-08-08T12:19:49.201Z] [LOG] [HandPointer 0] fallback from inputSource valid=true count=25 handedness=left
[VR REMOTE LOG 2026-08-08T12:19:57.644Z] [LOG] [HandPointer 0] disconnected
[VR REMOTE LOG 2026-08-08T12:19:57.714Z] [LOG] [HandPointer 0] joint 'index-finger-tip' is not XRJointSpace {"metadata":{"version":4.6,"type":"Object","generator":"Object3D.toJSON"},"object":{"uuid":"5825ad49-abca-4e50-93d5-fc31a1feebaf","type":"Group","layers":1,"matrix":[0.9169222116470337,0.2582809031009674,0.3042115569114685,0,0.05236714705824852,0.6778426170349121,-0.7333396673202515,0,-0.39561519026756287,0.6883461475372314,0.6080034971237183,0,-0.28949466347694397,1.6629880666732788,0.5097900032997131,1],"up":[0,1,0],"matrixAutoUpdate":false}}
[VR REMOTE LOG 2026-08-08T12:19:57.715Z] [LOG] [HandPointer 0] connected {"handedness":"left","jointsValid":false,"jointCount":25}
[VR REMOTE LOG 2026-08-08T12:19:57.716Z] [LOG] [HandPointer 0] joint 'index-finger-tip' is not XRJointSpace {"metadata":{"version":4.6,"type":"Object","generator":"Object3D.toJSON"},"object":{"uuid":"5825ad49-abca-4e50-93d5-fc31a1feebaf","type":"Group","layers":1,"matrix":[0.9169222116470337,0.2582809031009674,0.3042115569114685,0,0.05236714705824852,0.6778426170349121,-0.7333396673202515,0,-0.39561519026756287,0.6883461475372314,0.6080034971237183,0,-0.28949466347694397,1.6629880666732788,0.5097900032997131,1],"up":[0,1,0],"matrixAutoUpdate":false}}
[VR REMOTE LOG 2026-08-08T12:19:57.716Z] [LOG] [HandPointer 0] fallback joint names valid=false
[VR REMOTE LOG 2026-08-08T12:19:57.718Z] [LOG] [HandPointer 0] fallback from inputSource valid=true count=25 handedness=left
[VR REMOTE LOG 2026-08-08T12:19:57.756Z] [LOG] [HandPointer 0] disconnected
[VR REMOTE LOG 2026-08-08T12:19:58.201Z] [LOG] [HandPointer 0] joint 'index-finger-tip' is not XRJointSpace {"metadata":{"version":4.6,"type":"Object","generator":"Object3D.toJSON"},"object":{"uuid":"5825ad49-abca-4e50-93d5-fc31a1feebaf","type":"Group","layers":1,"matrix":[0.9327332377433777,0.2489452213048935,0.260835200548172,0,0.03245314583182335,0.6625040173530579,-0.7483550310134888,0,-0.3591037690639496,0.7064805030822754,0.6098604202270508,0,-0.29416534304618835,1.669740915298462,0.5080373287200928,1],"up":[0,1,0],"matrixAutoUpdate":false}}
[VR REMOTE LOG 2026-08-08T12:19:58.202Z] [LOG] [HandPointer 0] connected {"handedness":"left","jointsValid":false,"jointCount":25}
[VR REMOTE LOG 2026-08-08T12:19:58.203Z] [LOG] [HandPointer 0] joint 'index-finger-tip' is not XRJointSpace {"metadata":{"version":4.6,"type":"Object","generator":"Object3D.toJSON"},"object":{"uuid":"5825ad49-abca-4e50-93d5-fc31a1feebaf","type":"Group","layers":1,"matrix":[0.9327332377433777,0.2489452213048935,0.260835200548172,0,0.03245314583182335,0.6625040173530579,-0.7483550310134888,0,-0.3591037690639496,0.7064805030822754,0.6098604202270508,0,-0.29416534304618835,1.669740915298462,0.5080373287200928,1],"up":[0,1,0],"matrixAutoUpdate":false}}
[VR REMOTE LOG 2026-08-08T12:19:58.204Z] [LOG] [HandPointer 0] fallback joint names valid=false
[VR REMOTE LOG 2026-08-08T12:19:58.206Z] [LOG] [HandPointer 0] fallback from inputSource valid=true count=25 handedness=left
[VR REMOTE LOG 2026-08-08T12:19:59.442Z] [LOG] [HandPointer 0] disconnected
[VR REMOTE LOG 2026-08-08T12:20:00.193Z] [LOG] [HandPointer 0] joint 'index-finger-tip' is not XRJointSpace {"metadata":{"version":4.6,"type":"Object","generator":"Object3D.toJSON"},"object":{"uuid":"5825ad49-abca-4e50-93d5-fc31a1feebaf","type":"Group","layers":1,"matrix":[0.8820714950561523,-0.4524674117565155,-0.13123679161071777,0,0.4293559491634369,0.8867252469062805,-0.17138202488422394,0,0.19391575455665588,0.09482391923666,0.9764246344566345,0,-0.2531411349773407,1.8324905633926392,0.4703547954559326,1],"up":[0,1,0],"matrixAutoUpdate":false}}
[VR REMOTE LOG 2026-08-08T12:20:00.194Z] [LOG] [HandPointer 0] connected {"handedness":"left","jointsValid":false,"jointCount":25}
[VR REMOTE LOG 2026-08-08T12:20:00.194Z] [LOG] [HandPointer 0] joint 'index-finger-tip' is not XRJointSpace {"metadata":{"version":4.6,"type":"Object","generator":"Object3D.toJSON"},"object":{"uuid":"5825ad49-abca-4e50-93d5-fc31a1feebaf","type":"Group","layers":1,"matrix":[0.8820714950561523,-0.4524674117565155,-0.13123679161071777,0,0.4293559491634369,0.8867252469062805,-0.17138202488422394,0,0.19391575455665588,0.09482391923666,0.9764246344566345,0,-0.2531411349773407,1.8324905633926392,0.4703547954559326,1],"up":[0,1,0],"matrixAutoUpdate":false}}
[VR REMOTE LOG 2026-08-08T12:20:00.195Z] [LOG] [HandPointer 0] fallback joint names valid=false
[VR REMOTE LOG 2026-08-08T12:20:00.198Z] [LOG] [HandPointer 0] fallback from inputSource valid=true count=25 handedness=left
[VR REMOTE LOG 2026-08-08T12:20:13.504Z] [LOG] [HandPointer 1] disconnected
[VR REMOTE LOG 2026-08-08T12:20:13.505Z] [LOG] [HandPointer 0] disconnected
[VR REMOTE LOG 2026-08-08T12:20:13.589Z] [LOG] [HandPointer 0] joint 'index-finger-tip' is not XRJointSpace {"metadata":{"version":4.6,"type":"Object","generator":"Object3D.toJSON"},"object":{"uuid":"5825ad49-abca-4e50-93d5-fc31a1feebaf","type":"Group","layers":1,"matrix":[0.6370833516120911,0.4025900661945343,-0.6573024392127991,0,-0.4072865843772888,0.8998149037361145,0.1563679724931717,0,0.6544027328491211,0.1680908352136612,0.7372264862060547,0,-0.3943674564361572,1.2908036708831787,0.21563208103179932,1],"up":[0,1,0],"matrixAutoUpdate":false}}
[VR REMOTE LOG 2026-08-08T12:20:13.590Z] [LOG] [HandPointer 0] connected {"handedness":"left","jointsValid":false,"jointCount":25}
[VR REMOTE LOG 2026-08-08T12:20:13.591Z] [LOG] [HandPointer 0] joint 'index-finger-tip' is not XRJointSpace {"metadata":{"version":4.6,"type":"Object","generator":"Object3D.toJSON"},"object":{"uuid":"5825ad49-abca-4e50-93d5-fc31a1feebaf","type":"Group","layers":1,"matrix":[0.6370833516120911,0.4025900661945343,-0.6573024392127991,0,-0.4072865843772888,0.8998149037361145,0.1563679724931717,0,0.6544027328491211,0.1680908352136612,0.7372264862060547,0,-0.3943674564361572,1.2908036708831787,0.21563208103179932,1],"up":[0,1,0],"matrixAutoUpdate":false}}
[VR REMOTE LOG 2026-08-08T12:20:13.592Z] [LOG] [HandPointer 0] fallback joint names valid=false
[VR REMOTE LOG 2026-08-08T12:20:13.592Z] [LOG] [HandPointer 1] joint 'index-finger-tip' is not XRJointSpace {"metadata":{"version":4.6,"type":"Object","generator":"Object3D.toJSON"},"object":{"uuid":"675c7e85-ddb6-4a81-b55f-ab21abf5b289","type":"Group","layers":1,"matrix":[-0.569329023361206,-0.7678511738777161,0.29371726512908936,0,-0.2978130877017975,-0.14037653803825378,-0.9442470073699951,0,0.7662718892097473,-0.6250596642494202,-0.14875608682632446,0,0.24178314208984375,1.0659531354904175,-0.23020388185977936,1],"up":[0,1,0],"matrixAutoUpdate":false}}
[VR REMOTE LOG 2026-08-08T12:20:13.593Z] [LOG] [HandPointer 1] connected {"handedness":"right","jointsValid":false,"jointCount":25}
[VR REMOTE LOG 2026-08-08T12:20:13.595Z] [LOG] [HandPointer 1] joint 'index-finger-tip' is not XRJointSpace {"metadata":{"version":4.6,"type":"Object","generator":"Object3D.toJSON"},"object":{"uuid":"675c7e85-ddb6-4a81-b55f-ab21abf5b289","type":"Group","layers":1,"matrix":[-0.569329023361206,-0.7678511738777161,0.29371726512908936,0,-0.2978130877017975,-0.14037653803825378,-0.9442470073699951,0,0.7662718892097473,-0.6250596642494202,-0.14875608682632446,0,0.24178314208984375,1.0659531354904175,-0.23020388185977936,1],"up":[0,1,0],"matrixAutoUpdate":false}}
[VR REMOTE LOG 2026-08-08T12:20:13.596Z] [LOG] [HandPointer 1] fallback joint names valid=false
[VR REMOTE LOG 2026-08-08T12:20:28.663Z] [LOG] [HandPointer 1] disconnected
[VR REMOTE LOG 2026-08-08T12:20:28.664Z] [LOG] [HandPointer 0] disconnected
[VR REMOTE LOG 2026-08-08T12:20:28.770Z] [LOG] [HandPointer 0] joint 'index-finger-tip' is not XRJointSpace {"metadata":{"version":4.6,"type":"Object","generator":"Object3D.toJSON"},"object":{"uuid":"5825ad49-abca-4e50-93d5-fc31a1feebaf","type":"Group","layers":1,"matrix":[0.6370833516120911,0.4025900661945343,-0.6573024392127991,0,-0.4072865843772888,0.8998149037361145,0.1563679724931717,0,0.6544027328491211,0.1680908352136612,0.7372264862060547,0,-0.3943674564361572,1.2908036708831787,0.21563208103179932,1],"up":[0,1,0],"matrixAutoUpdate":false}}
[VR REMOTE LOG 2026-08-08T12:20:28.771Z] [LOG] [HandPointer 0] connected {"handedness":"left","jointsValid":false,"jointCount":25}
[VR REMOTE LOG 2026-08-08T12:20:28.772Z] [LOG] [HandPointer 0] joint 'index-finger-tip' is not XRJointSpace {"metadata":{"version":4.6,"type":"Object","generator":"Object3D.toJSON"},"object":{"uuid":"5825ad49-abca-4e50-93d5-fc31a1feebaf","type":"Group","layers":1,"matrix":[0.6370833516120911,0.4025900661945343,-0.6573024392127991,0,-0.4072865843772888,0.8998149037361145,0.1563679724931717,0,0.6544027328491211,0.1680908352136612,0.7372264862060547,0,-0.3943674564361572,1.2908036708831787,0.21563208103179932,1],"up":[0,1,0],"matrixAutoUpdate":false}}
[VR REMOTE LOG 2026-08-08T12:20:28.773Z] [LOG] [HandPointer 0] fallback joint names valid=false
[VR REMOTE LOG 2026-08-08T12:20:28.773Z] [LOG] [HandPointer 1] joint 'index-finger-tip' is not XRJointSpace {"metadata":{"version":4.6,"type":"Object","generator":"Object3D.toJSON"},"object":{"uuid":"675c7e85-ddb6-4a81-b55f-ab21abf5b289","type":"Group","layers":1,"matrix":[-0.569329023361206,-0.7678511738777161,0.29371726512908936,0,-0.2978130877017975,-0.14037653803825378,-0.9442470073699951,0,0.7662718892097473,-0.6250596642494202,-0.14875608682632446,0,0.24178314208984375,1.0659531354904175,-0.23020388185977936,1],"up":[0,1,0],"matrixAutoUpdate":false}}
[VR REMOTE LOG 2026-08-08T12:20:28.774Z] [LOG] [HandPointer 1] connected {"handedness":"right","jointsValid":false,"jointCount":25}
[VR REMOTE LOG 2026-08-08T12:20:28.775Z] [LOG] [HandPointer 1] joint 'index-finger-tip' is not XRJointSpace {"metadata":{"version":4.6,"type":"Object","generator":"Object3D.toJSON"},"object":{"uuid":"675c7e85-ddb6-4a81-b55f-ab21abf5b289","type":"Group","layers":1,"matrix":[-0.569329023361206,-0.7678511738777161,0.29371726512908936,0,-0.2978130877017975,-0.14037653803825378,-0.9442470073699951,0,0.7662718892097473,-0.6250596642494202,-0.14875608682632446,0,0.24178314208984375,1.0659531354904175,-0.23020388185977936,1],"up":[0,1,0],"matrixAutoUpdate":false}}
[VR REMOTE LOG 2026-08-08T12:20:28.776Z] [LOG] [HandPointer 1] fallback joint names valid=false
[VR REMOTE LOG 2026-08-08T12:20:28.779Z] [LOG] [HandPointer 0] fallback from inputSource valid=true count=25 handedness=left
[VR REMOTE LOG 2026-08-08T12:20:28.781Z] [LOG] [HandPointer 1] fallback from inputSource valid=true count=25 handedness=right
[VR REMOTE LOG 2026-08-08T12:20:28.853Z] [LOG] [HandPointer 0] disconnected
[VR REMOTE LOG 2026-08-08T12:20:28.854Z] [LOG] [HandPointer 1] disconnected
[VR REMOTE LOG 2026-08-08T12:20:28.854Z] [LOG] [HandPointer 0] joint 'index-finger-tip' is not XRJointSpace {"metadata":{"version":4.6,"type":"Object","generator":"Object3D.toJSON"},"object":{"uuid":"5825ad49-abca-4e50-93d5-fc31a1feebaf","type":"Group","layers":1,"matrix":[0.775551438331604,0.5729464292526245,-0.2650519609451294,0,-0.6184397339820862,0.6052935719490051,-0.5011509656906128,0,-0.12669824063777924,0.5525870323181152,0.8237689733505249,0,-0.09441684186458588,0.9976900219917297,-0.5017284154891968,1],"up":[0,1,0],"matrixAutoUpdate":false}}
[VR REMOTE LOG 2026-08-08T12:20:28.855Z] [LOG] [HandPointer 0] connected {"handedness":"left","jointsValid":false,"jointCount":25}
[VR REMOTE LOG 2026-08-08T12:20:28.856Z] [LOG] [HandPointer 0] joint 'index-finger-tip' is not XRJointSpace {"metadata":{"version":4.6,"type":"Object","generator":"Object3D.toJSON"},"object":{"uuid":"5825ad49-abca-4e50-93d5-fc31a1feebaf","type":"Group","layers":1,"matrix":[0.775551438331604,0.5729464292526245,-0.2650519609451294,0,-0.6184397339820862,0.6052935719490051,-0.5011509656906128,0,-0.12669824063777924,0.5525870323181152,0.8237689733505249,0,-0.09441684186458588,0.9976900219917297,-0.5017284154891968,1],"up":[0,1,0],"matrixAutoUpdate":false}}
[VR REMOTE LOG 2026-08-08T12:20:28.856Z] [LOG] [HandPointer 0] fallback joint names valid=false
[VR REMOTE LOG 2026-08-08T12:20:28.857Z] [LOG] [HandPointer 1] joint 'index-finger-tip' is not XRJointSpace {"metadata":{"version":4.6,"type":"Object","generator":"Object3D.toJSON"},"object":{"uuid":"675c7e85-ddb6-4a81-b55f-ab21abf5b289","type":"Group","layers":1,"matrix":[0.8610361814498901,-0.3268616199493408,-0.38958725333213806,0,-0.35161805152893066,0.17081017792224884,-0.9204286932945251,0,0.36739829182624817,0.9295082688331604,0.03214329481124878,0,0.04093018174171448,0.9918982982635498,-0.39924049377441406,1],"up":[0,1,0],"matrixAutoUpdate":false}}
[VR REMOTE LOG 2026-08-08T12:20:28.858Z] [LOG] [HandPointer 1] connected {"handedness":"right","jointsValid":false,"jointCount":25}
[VR REMOTE LOG 2026-08-08T12:20:28.859Z] [LOG] [HandPointer 1] joint 'index-finger-tip' is not XRJointSpace {"metadata":{"version":4.6,"type":"Object","generator":"Object3D.toJSON"},"object":{"uuid":"675c7e85-ddb6-4a81-b55f-ab21abf5b289","type":"Group","layers":1,"matrix":[0.8610361814498901,-0.3268616199493408,-0.38958725333213806,0,-0.35161805152893066,0.17081017792224884,-0.9204286932945251,0,0.36739829182624817,0.9295082688331604,0.03214329481124878,0,0.04093018174171448,0.9918982982635498,-0.39924049377441406,1],"up":[0,1,0],"matrixAutoUpdate":false}}
[VR REMOTE LOG 2026-08-08T12:20:28.860Z] [LOG] [HandPointer 1] fallback joint names valid=false
[VR REMOTE LOG 2026-08-08T12:20:28.863Z] [LOG] [HandPointer 0] fallback from inputSource valid=true count=25 handedness=left
[VR REMOTE LOG 2026-08-08T12:20:28.864Z] [LOG] [HandPointer 1] fallback from inputSource valid=true count=25 handedness=right
[VR REMOTE LOG 2026-08-08T12:20:29.721Z] [LOG] [World] loading dataset: Global Cities Geospatial GEO
[VR REMOTE LOG 2026-08-08T12:20:30.549Z] [LOG] [Engine] session visible-blurred
[VR REMOTE LOG 2026-08-08T12:20:30.560Z] [LOG] [Engine] session hidden
[VR REMOTE LOG 2026-08-08T12:29:51.271Z] [LOG] [Engine] session visible-blurred
[VR REMOTE LOG 2026-08-08T12:29:51.476Z] [LOG] [Engine] session resumed
[VR REMOTE LOG 2026-08-08T12:29:51.477Z] [LOG] [HandPointer 1] disconnected
[VR REMOTE LOG 2026-08-08T12:29:51.478Z] [LOG] [HandPointer 0] disconnected
[VR REMOTE LOG 2026-08-08T12:29:52.610Z] [LOG] [Engine] session visible-blurred
[VR REMOTE LOG 2026-08-08T12:29:52.632Z] [LOG] [Engine] session hidden
[VR REMOTE LOG 2026-08-08T12:29:52.929Z] [LOG] [Engine] session visible-blurred
[VR REMOTE LOG 2026-08-08T12:29:52.970Z] [LOG] [Engine] session resumed
[VR REMOTE LOG 2026-08-08T12:29:53.403Z] [LOG] [HandPointer 0] joint 'index-finger-tip' is not XRJointSpace {"metadata":{"version":4.6,"type":"Object","generator":"Object3D.toJSON"},"object":{"uuid":"5825ad49-abca-4e50-93d5-fc31a1feebaf","type":"Group","layers":1,"matrix":[0.678554356098175,0.5811189413070679,-0.4492937922477722,0,-0.7283397316932678,0.45291027426719666,-0.5141922831535339,0,-0.09531699120998383,0.6761459112167358,0.7305760979652405,0,-0.8261168599128723,0.9792912602424622,1.794895052909851,1],"up":[0,1,0],"matrixAutoUpdate":false}}
[VR REMOTE LOG 2026-08-08T12:29:53.404Z] [LOG] [HandPointer 0] connected {"handedness":"left","jointsValid":false,"jointCount":25}
[VR REMOTE LOG 2026-08-08T12:29:53.405Z] [LOG] [HandPointer 0] joint 'index-finger-tip' is not XRJointSpace {"metadata":{"version":4.6,"type":"Object","generator":"Object3D.toJSON"},"object":{"uuid":"5825ad49-abca-4e50-93d5-fc31a1feebaf","type":"Group","layers":1,"matrix":[0.678554356098175,0.5811189413070679,-0.4492937922477722,0,-0.7283397316932678,0.45291027426719666,-0.5141922831535339,0,-0.09531699120998383,0.6761459112167358,0.7305760979652405,0,-0.8261168599128723,0.9792912602424622,1.794895052909851,1],"up":[0,1,0],"matrixAutoUpdate":false}}
[VR REMOTE LOG 2026-08-08T12:29:53.405Z] [LOG] [HandPointer 0] fallback joint names valid=false
[VR REMOTE LOG 2026-08-08T12:29:53.406Z] [LOG] [HandPointer 1] joint 'index-finger-tip' is not XRJointSpace {"metadata":{"version":4.6,"type":"Object","generator":"Object3D.toJSON"},"object":{"uuid":"675c7e85-ddb6-4a81-b55f-ab21abf5b289","type":"Group","layers":1,"matrix":[0.7125982046127319,-0.4957042634487152,-0.49646860361099243,0,-0.1110156700015068,0.6190633773803711,-0.7774548530578613,0,0.6927332282066345,0.6091287732124329,0.3861125409603119,0,-0.5874723196029663,1.021569013595581,1.8161470890045166,1],"up":[0,1,0],"matrixAutoUpdate":false}}
[VR REMOTE LOG 2026-08-08T12:29:53.407Z] [LOG] [HandPointer 1] connected {"handedness":"right","jointsValid":false,"jointCount":25}
[VR REMOTE LOG 2026-08-08T12:29:53.407Z] [LOG] [HandPointer 1] joint 'index-finger-tip' is not XRJointSpace {"metadata":{"version":4.6,"type":"Object","generator":"Object3D.toJSON"},"object":{"uuid":"675c7e85-ddb6-4a81-b55f-ab21abf5b289","type":"Group","layers":1,"matrix":[0.7125982046127319,-0.4957042634487152,-0.49646860361099243,0,-0.1110156700015068,0.6190633773803711,-0.7774548530578613,0,0.6927332282066345,0.6091287732124329,0.3861125409603119,0,-0.5874723196029663,1.021569013595581,1.8161470890045166,1],"up":[0,1,0],"matrixAutoUpdate":false}}
[VR REMOTE LOG 2026-08-08T12:29:53.408Z] [LOG] [HandPointer 1] fallback joint names valid=false
[VR REMOTE LOG 2026-08-08T12:29:58.401Z] [LOG] [HandPointer 1] disconnected
[VR REMOTE LOG 2026-08-08T12:29:58.402Z] [LOG] [HandPointer 0] disconnected
[VR REMOTE LOG 2026-08-08T12:29:58.431Z] [LOG] [Engine] session visible-blurred
[VR REMOTE LOG 2026-08-08T12:30:49.928Z] [LOG] [Engine] session resumed
[VR REMOTE LOG 2026-08-08T12:30:49.958Z] [LOG] [HandPointer 0] joint 'index-finger-tip' is not XRJointSpace {"metadata":{"version":4.6,"type":"Object","generator":"Object3D.toJSON"},"object":{"uuid":"5825ad49-abca-4e50-93d5-fc31a1feebaf","type":"Group","layers":1,"matrix":[0.678554356098175,0.5811189413070679,-0.4492937922477722,0,-0.7283397316932678,0.45291027426719666,-0.5141922831535339,0,-0.09531699120998383,0.6761459112167358,0.7305760979652405,0,-0.8261168599128723,0.9792912602424622,1.794895052909851,1],"up":[0,1,0],"matrixAutoUpdate":false}}
[VR REMOTE LOG 2026-08-08T12:30:49.959Z] [LOG] [HandPointer 0] connected {"handedness":"left","jointsValid":false,"jointCount":25}
[VR REMOTE LOG 2026-08-08T12:30:49.960Z] [LOG] [HandPointer 0] joint 'index-finger-tip' is not XRJointSpace {"metadata":{"version":4.6,"type":"Object","generator":"Object3D.toJSON"},"object":{"uuid":"5825ad49-abca-4e50-93d5-fc31a1feebaf","type":"Group","layers":1,"matrix":[0.678554356098175,0.5811189413070679,-0.4492937922477722,0,-0.7283397316932678,0.45291027426719666,-0.5141922831535339,0,-0.09531699120998383,0.6761459112167358,0.7305760979652405,0,-0.8261168599128723,0.9792912602424622,1.794895052909851,1],"up":[0,1,0],"matrixAutoUpdate":false}}
[VR REMOTE LOG 2026-08-08T12:30:49.961Z] [LOG] [HandPointer 0] fallback joint names valid=false
[VR REMOTE LOG 2026-08-08T12:30:49.961Z] [LOG] [HandPointer 1] joint 'index-finger-tip' is not XRJointSpace {"metadata":{"version":4.6,"type":"Object","generator":"Object3D.toJSON"},"object":{"uuid":"675c7e85-ddb6-4a81-b55f-ab21abf5b289","type":"Group","layers":1,"matrix":[0.7125982046127319,-0.4957042634487152,-0.49646860361099243,0,-0.1110156700015068,0.6190633773803711,-0.7774548530578613,0,0.6927332282066345,0.6091287732124329,0.3861125409603119,0,-0.5874723196029663,1.021569013595581,1.8161470890045166,1],"up":[0,1,0],"matrixAutoUpdate":false}}
[VR REMOTE LOG 2026-08-08T12:30:49.962Z] [LOG] [HandPointer 1] connected {"handedness":"right","jointsValid":false,"jointCount":25}
[VR REMOTE LOG 2026-08-08T12:30:49.963Z] [LOG] [HandPointer 1] joint 'index-finger-tip' is not XRJointSpace {"metadata":{"version":4.6,"type":"Object","generator":"Object3D.toJSON"},"object":{"uuid":"675c7e85-ddb6-4a81-b55f-ab21abf5b289","type":"Group","layers":1,"matrix":[0.7125982046127319,-0.4957042634487152,-0.49646860361099243,0,-0.1110156700015068,0.6190633773803711,-0.7774548530578613,0,0.6927332282066345,0.6091287732124329,0.3861125409603119,0,-0.5874723196029663,1.021569013595581,1.8161470890045166,1],"up":[0,1,0],"matrixAutoUpdate":false}}
[VR REMOTE LOG 2026-08-08T12:30:49.963Z] [LOG] [HandPointer 1] fallback joint names valid=false
[VR REMOTE LOG 2026-08-08T12:32:00.374Z] [LOG] [HandPointer 1] disconnected
[VR REMOTE LOG 2026-08-08T12:32:00.375Z] [LOG] [HandPointer 0] disconnected
[VR REMOTE LOG 2026-08-08T12:32:00.477Z] [LOG] [Engine] session visible-blurred
[VR REMOTE LOG 2026-08-08T12:32:51.871Z] [LOG] [Engine] session resumed
[VR REMOTE LOG 2026-08-08T12:32:51.893Z] [LOG] [HandPointer 0] joint 'index-finger-tip' is not XRJointSpace {"metadata":{"version":4.6,"type":"Object","generator":"Object3D.toJSON"},"object":{"uuid":"5825ad49-abca-4e50-93d5-fc31a1feebaf","type":"Group","layers":1,"matrix":[0.678554356098175,0.5811189413070679,-0.4492937922477722,0,-0.7283397316932678,0.45291027426719666,-0.5141922831535339,0,-0.09531699120998383,0.6761459112167358,0.7305760979652405,0,-0.8261168599128723,0.9792912602424622,1.794895052909851,1],"up":[0,1,0],"matrixAutoUpdate":false}}
[VR REMOTE LOG 2026-08-08T12:32:51.894Z] [LOG] [HandPointer 0] connected {"handedness":"left","jointsValid":false,"jointCount":25}
[VR REMOTE LOG 2026-08-08T12:32:51.896Z] [LOG] [HandPointer 0] joint 'index-finger-tip' is not XRJointSpace {"metadata":{"version":4.6,"type":"Object","generator":"Object3D.toJSON"},"object":{"uuid":"5825ad49-abca-4e50-93d5-fc31a1feebaf","type":"Group","layers":1,"matrix":[0.678554356098175,0.5811189413070679,-0.4492937922477722,0,-0.7283397316932678,0.45291027426719666,-0.5141922831535339,0,-0.09531699120998383,0.6761459112167358,0.7305760979652405,0,-0.8261168599128723,0.9792912602424622,1.794895052909851,1],"up":[0,1,0],"matrixAutoUpdate":false}}
[VR REMOTE LOG 2026-08-08T12:32:51.897Z] [LOG] [HandPointer 0] fallback joint names valid=false
[VR REMOTE LOG 2026-08-08T12:32:51.898Z] [LOG] [HandPointer 1] joint 'index-finger-tip' is not XRJointSpace {"metadata":{"version":4.6,"type":"Object","generator":"Object3D.toJSON"},"object":{"uuid":"675c7e85-ddb6-4a81-b55f-ab21abf5b289","type":"Group","layers":1,"matrix":[0.7125982046127319,-0.4957042634487152,-0.49646860361099243,0,-0.1110156700015068,0.6190633773803711,-0.7774548530578613,0,0.6927332282066345,0.6091287732124329,0.3861125409603119,0,-0.5874723196029663,1.021569013595581,1.8161470890045166,1],"up":[0,1,0],"matrixAutoUpdate":false}}
[VR REMOTE LOG 2026-08-08T12:32:51.898Z] [LOG] [HandPointer 1] connected {"handedness":"right","jointsValid":false,"jointCount":25}
[VR REMOTE LOG 2026-08-08T12:32:51.899Z] [LOG] [HandPointer 1] joint 'index-finger-tip' is not XRJointSpace {"metadata":{"version":4.6,"type":"Object","generator":"Object3D.toJSON"},"object":{"uuid":"675c7e85-ddb6-4a81-b55f-ab21abf5b289","type":"Group","layers":1,"matrix":[0.7125982046127319,-0.4957042634487152,-0.49646860361099243,0,-0.1110156700015068,0.6190633773803711,-0.7774548530578613,0,0.6927332282066345,0.6091287732124329,0.3861125409603119,0,-0.5874723196029663,1.021569013595581,1.8161470890045166,1],"up":[0,1,0],"matrixAutoUpdate":false}}
[VR REMOTE LOG 2026-08-08T12:32:51.900Z] [LOG] [HandPointer 1] fallback joint names valid=false
[VR REMOTE LOG 2026-08-08T12:33:01.015Z] [LOG] [World] loading dataset:  HIERARCHY
[VR REMOTE LOG 2026-08-08T12:33:01.088Z] [LOG] [World] loading dataset: Global Cities Geospatial GEO
[VR REMOTE LOG 2026-08-08T12:33:01.132Z] [WARN] [World] WASM runtime unavailable, using JS fallbacks: TypeError: Failed to fetch dynamically imported module: https://192.168.1.128:5173/wasm/pkg/nemosyne_wasm.js?import
TypeError: Failed to fetch dynamically imported module: https://192.168.1.128:5173/wasm/pkg/nemosyne_wasm.js?import
[VR REMOTE LOG 2026-08-08T12:33:06.607Z] [WARN] [PerformanceBudget] critical: Frame 178.4 ms exceeds 16.7 ms budget
[VR REMOTE LOG 2026-08-08T12:33:45.480Z] [LOG] [World] loading dataset:  HIERARCHY
[VR REMOTE LOG 2026-08-08T12:33:45.805Z] [WARN] [PerformanceBudget] critical: Frame 246.8 ms exceeds 16.7 ms budget
[VR REMOTE LOG 2026-08-08T12:33:45.924Z] [LOG] [World] loading dataset: Global Cities Geospatial GEO
[VR REMOTE LOG 2026-08-08T12:33:45.991Z] [WARN] [World] WASM runtime unavailable, using JS fallbacks: TypeError: Failed to fetch dynamically imported module: https://192.168.1.128:5173/wasm/pkg/nemosyne_wasm.js?import
TypeError: Failed to fetch dynamically imported module: https://192.168.1.128:5173/wasm/pkg/nemosyne_wasm.js?import
[VR REMOTE LOG 2026-08-08T12:34:20.072Z] [LOG] [World] loading dataset:  HIERARCHY
[VR REMOTE LOG 2026-08-08T12:34:20.284Z] [LOG] [World] loading dataset: Global Cities Geospatial GEO
[VR REMOTE LOG 2026-08-08T12:34:20.421Z] [WARN] [World] WASM runtime unavailable, using JS fallbacks: TypeError: Failed to fetch dynamically imported module: https://192.168.1.128:5173/wasm/pkg/nemosyne_wasm.js?import
TypeError: Failed to fetch dynamically imported module: https://192.168.1.128:5173/wasm/pkg/nemosyne_wasm.js?import
[VR REMOTE LOG 2026-08-08T12:34:46.033Z] [WARN] [PerformanceBudget] critical: Frame 271.0 ms exceeds 16.7 ms budget
[VR REMOTE LOG 2026-08-08T12:34:53.717Z] [LOG] [World] loading dataset:  HIERARCHY
[VR REMOTE LOG 2026-08-08T12:34:53.882Z] [WARN] [World] WASM runtime unavailable, using JS fallbacks: TypeError: Failed to fetch dynamically imported module: https://192.168.1.128:5173/wasm/pkg/nemosyne_wasm.js?import
TypeError: Failed to fetch dynamically imported module: https://192.168.1.128:5173/wasm/pkg/nemosyne_wasm.js?import
[VR REMOTE LOG 2026-08-08T12:34:53.883Z] [LOG] [World] loading dataset: Global Cities Geospatial GEO
[VR REMOTE LOG 2026-08-08T12:34:54.050Z] [WARN] [PerformanceBudget] critical: Frame 113.0 ms exceeds 16.7 ms budget
[VR REMOTE LOG 2026-08-08T12:35:10.664Z] [LOG] [World] loading dataset:  HIERARCHY
[VR REMOTE LOG 2026-08-08T12:35:10.923Z] [WARN] [PerformanceBudget] critical: Frame 181.3 ms exceeds 16.7 ms budget
[VR REMOTE LOG 2026-08-08T12:35:11.006Z] [LOG] [World] loading dataset: Global Cities Geospatial GEO
[VR REMOTE LOG 2026-08-08T12:35:11.076Z] [WARN] [World] WASM runtime unavailable, using JS fallbacks: TypeError: Failed to fetch dynamically imported module: https://192.168.1.128:5173/wasm/pkg/nemosyne_wasm.js?import
TypeError: Failed to fetch dynamically imported module: https://192.168.1.128:5173/wasm/pkg/nemosyne_wasm.js?import
[VR REMOTE LOG 2026-08-08T12:35:17.206Z] [WARN] THREE.WebGLRenderer: Can't change size while VR device is presenting.
[VR REMOTE LOG 2026-08-08T12:35:17.261Z] [LOG] [HandPointer 0] connected {"handedness":"left","jointsValid":false,"jointCount":0}
[VR REMOTE LOG 2026-08-08T12:35:17.262Z] [LOG] [HandPointer 1] connected {"handedness":"right","jointsValid":false,"jointCount":0}
[VR REMOTE LOG 2026-08-08T12:35:32.777Z] [LOG] [World] loading dataset:  HIERARCHY
[VR REMOTE LOG 2026-08-08T12:35:32.832Z] [LOG] [World] loading dataset: Global Cities Geospatial GEO
[VR REMOTE LOG 2026-08-08T12:35:32.872Z] [WARN] [World] WASM runtime unavailable, using JS fallbacks: TypeError: Failed to fetch dynamically imported module: https://192.168.1.128:5173/wasm/pkg/nemosyne_wasm.js?import
TypeError: Failed to fetch dynamically imported module: https://192.168.1.128:5173/wasm/pkg/nemosyne_wasm.js?import
[VR REMOTE LOG 2026-08-08T12:36:03.514Z] [WARN] [PerformanceBudget] critical: Frame 273.0 ms exceeds 16.7 ms budget
[VR REMOTE LOG 2026-08-08T12:36:59.185Z] [LOG] [World] loading dataset:  HIERARCHY
[VR REMOTE LOG 2026-08-08T12:36:59.269Z] [LOG] [World] loading dataset: Global Cities Geospatial GEO
[VR REMOTE LOG 2026-08-08T12:36:59.322Z] [WARN] [World] WASM runtime unavailable, using JS fallbacks: TypeError: Failed to fetch dynamically imported module: https://192.168.1.128:5173/wasm/pkg/nemosyne_wasm.js?import
TypeError: Failed to fetch dynamically imported module: https://192.168.1.128:5173/wasm/pkg/nemosyne_wasm.js?import
[VR REMOTE LOG 2026-08-08T12:37:00.052Z] [WARN] [PerformanceBudget] critical: Frame 121.0 ms exceeds 16.7 ms budget
[VR REMOTE LOG 2026-08-08T12:37:14.817Z] [LOG] [World] loading dataset:  HIERARCHY
[VR REMOTE LOG 2026-08-08T12:37:15.177Z] [LOG] [World] loading dataset: Global Cities Geospatial GEO
[VR REMOTE LOG 2026-08-08T12:37:15.284Z] [WARN] [World] WASM runtime unavailable, using JS fallbacks: TypeError: Failed to fetch dynamically imported module: https://192.168.1.128:5173/wasm/pkg/nemosyne_wasm.js?import
TypeError: Failed to fetch dynamically imported module: https://192.168.1.128:5173/wasm/pkg/nemosyne_wasm.js?import
[VR REMOTE LOG 2026-08-08T12:37:33.522Z] [ERROR] [Nemosyne] startup error: TypeError: this.lines is not iterable
TypeError: this.lines is not iterable
    at InputTelemetry.renderContent (https://192.168.1.128:5173/src/vr/InputTelemetry.ts?t=1786192651622:139:27)
    at InputTelemetry.render (https://192.168.1.128:5173/src/vr/ui/MovablePanel.ts?t=1786192651622:236:9)
    at new MovablePanel (https://192.168.1.128:5173/src/vr/ui/MovablePanel.ts?t=1786192651622:100:8)
    at new InputTelemetry (https://192.168.1.128:5173/src/vr/InputTelemetry.ts?t=1786192651622:12:3)
    at new WorldUIManager (https://192.168.1.128:5173/src/vr/coordinators/WorldUIManager.ts?t=1786192651622:43:25)
    at new World (https://192.168.1.128:5173/src/vr/World.ts?t=1786192651622:165:20)
    at https://192.168.1.128:5173/src/main.ts?t=1786192651622:21:17
    at https://192.168.1.128:5173/src/main.ts?t=1786192651622:29:3
[VR REMOTE LOG 2026-08-08T12:38:28.009Z] [LOG] [World] loading dataset:  HIERARCHY
[VR REMOTE LOG 2026-08-08T12:38:28.287Z] [WARN] [PerformanceBudget] critical: Frame 202.5 ms exceeds 16.7 ms budget
[VR REMOTE LOG 2026-08-08T12:38:28.394Z] [LOG] [World] loading dataset: Global Cities Geospatial GEO
[VR REMOTE LOG 2026-08-08T12:38:28.492Z] [WARN] [World] WASM runtime unavailable, using JS fallbacks: TypeError: Failed to fetch dynamically imported module: https://192.168.1.128:5173/wasm/pkg/nemosyne_wasm.js?import
TypeError: Failed to fetch dynamically imported module: https://192.168.1.128:5173/wasm/pkg/nemosyne_wasm.js?import
[VR REMOTE LOG 2026-08-08T12:38:29.774Z] [LOG] [World] loading dataset:  HIERARCHY
[VR REMOTE LOG 2026-08-08T12:38:29.889Z] [LOG] [World] loading dataset: Global Cities Geospatial GEO
[VR REMOTE LOG 2026-08-08T12:38:30.101Z] [WARN] [PerformanceBudget] critical: Frame 124.3 ms exceeds 16.7 ms budget
[VR REMOTE LOG 2026-08-08T12:38:30.106Z] [WARN] [World] WASM runtime unavailable, using JS fallbacks: TypeError: Failed to fetch dynamically imported module: https://192.168.1.128:5173/wasm/pkg/nemosyne_wasm.js?import
TypeError: Failed to fetch dynamically imported module: https://192.168.1.128:5173/wasm/pkg/nemosyne_wasm.js?import
[VR REMOTE LOG 2026-08-08T12:38:31.265Z] [LOG] [World] loading dataset:  HIERARCHY
[VR REMOTE LOG 2026-08-08T12:38:31.414Z] [LOG] [World] loading dataset: Global Cities Geospatial GEO
[VR REMOTE LOG 2026-08-08T12:38:31.507Z] [WARN] [World] WASM runtime unavailable, using JS fallbacks: TypeError: Failed to fetch dynamically imported module: https://192.168.1.128:5173/wasm/pkg/nemosyne_wasm.js?import
TypeError: Failed to fetch dynamically imported module: https://192.168.1.128:5173/wasm/pkg/nemosyne_wasm.js?import
[VR REMOTE LOG 2026-08-08T12:38:33.686Z] [LOG] [World] loading dataset:  HIERARCHY
[VR REMOTE LOG 2026-08-08T12:38:33.931Z] [WARN] [PerformanceBudget] critical: Frame 193.2 ms exceeds 16.7 ms budget
[VR REMOTE LOG 2026-08-08T12:38:34.042Z] [LOG] [World] loading dataset: Global Cities Geospatial GEO
[VR REMOTE LOG 2026-08-08T12:38:34.170Z] [WARN] [World] WASM runtime unavailable, using JS fallbacks: TypeError: Failed to fetch dynamically imported module: https://192.168.1.128:5173/wasm/pkg/nemosyne_wasm.js?import
TypeError: Failed to fetch dynamically imported module: https://192.168.1.128:5173/wasm/pkg/nemosyne_wasm.js?import
